// Vitest Snapshot v1, https://vitest.dev/guide/snapshot.html

exports[`DataTable > should not regress (snapshot test) 1`] = `"<!--v-if-->"`;
