// Vitest Snapshot v1, https://vitest.dev/guide/snapshot.html

exports[`StickyHeading > should not regress (snapshot test) 1`] = `"<h2 class=\\"sticky top-0 z-50 mb-6 text-2xl font-bold text-slate-50\\"><!--[-->Heading<!--]--></h2>"`;
